// Jest Snapshot v1, https://goo.gl/fbAQLP

exports[`the todo list app snapshot 1`] = `[Function]`;
